>sp|18KD_MYCLE|18 KD ANTIGEN (HSP 1
MLMRTDPFRELDRFAEQVLGTSARPAVMPMDAWREGEEFVVEFDLPGIKADSLDIDIERNVVTV
RAERPGVDPDREMLAAERPRGVFNRQLVLGENLDTERILASYQEGVLKLSIPVAERAKPRKISV
DRGNNGHQTINKTAHEIIDA
>sp|190K_RICRI|190 KD ANTIGEN PRECURSOR (CELL SURFACE 
MANISPKLFKKAIQQGLKAALFTTSTAAIMLSSSGALGVATGVIATNNNAAFSNNVGNNNWNEI
TAAGVANGTPAGGPQNNWAFTYGGDYTVTADAADRIIKAINVAGTTPVGLNITQNTVVGSIITK
GNLLPVTLNAGKSLTLNGNNAVAANHGFDAPADNYTGLGNIALGGANAALIIQSAAPSKITLAG
NIDGGGIITVKTDAAINGTIGNTNALATVNVGAGTATLGGAVIKATTTKLTNAASVLTLTNANA
VLTGAIDNTTGGDNVGVLNLNGALSQVTGDIGNTNSLATISVGAGTATLGGAVIKATTTKLTDA
ASAVKFTNPVVVTGAIDNTGNANNGIVTFTGNSTVTGNVGNTNALATVNVGAGLLQVQGGVVKA
NTINLTDNASAVTFTNPVVVTGAIDNTGNANNGIVTFTGNSTVTGDIGNTNALATVNVGAGTAT
LGGAVIKATTTKLTNAASVLTLTNANAVLTGAIDNTTGGDNVGVLNLNGALSQVTGNIGNTNSL
ATISVGAGTATLGGAVIKATTTKLTDAASAVKFTNPVVVTGAIDNTGNANNGIVTFTGNSTVTG
DIGNTNSLATISVGAGTATLGGAVIKATTTKLTNAASVLTLTNANAVLTGAIDNTTGGDNVGVL
NLNGALSQVTGDIGNTNSLATISVGAGTATLGGAVIKATTTKITNAVSAVKFTNPVVVTGAIDS
TGNANNGIVTFTGNSTVTGDIGNTNALATVNVGAGTATLGGAVIKATTTKLTNAASVLTLTNAN
AVLTGAIDNTTGGDNVGVLNLNGALSQVTGDIGNTNSLATISVGAGTATLGGAVIKATTTKLTN
AASVLTLTNANAVLTGAVDNTTGGDNVGVLNLNGALSQVTGDIGNTNSLATISVGAGTATLGGA
VIKATTTKLTNAASVLTLTNANAVLTGAIDNTTGGDNVGVLNLNGALSQVTGDIGNTNSLATIS
VGAGTATLGGAVIKATTTKLTDAASAVKFTNPVVVTGAIDNTGNANNGIVTFTGNSTVTGNVGN
TNALATVNVGAGLLQVQGGVVKANTINLTDNASAVTFTNPVVVTGAIDNTGNANNGIVTFTGNS
TVTGNVGNTNALATVNVGAGLLQVQGGVVKANTINLTDNASAVTFTNPVVVTGAIDNTGNANNG
IVTFTGNSTVTGDIGNTNALATVNVGAGITLQAGGSLAANNIDFGARSTLEFNGPLDGGGKAIP
YYFKGAIANGNNAILNVNTKLLTASHLTIGTVAEINIGAGNLFTIDASVGDVTILNAQNINFRA
RDSVLVLSNLTGVGVNNILLAADLVAPGADEGTVVFNGGVNGLNVGSNVAGTARNIGDGGGNKF
NTLLIYNAVTITDDVNLEGIQNVLINKNADFTSSTAFNAGAIQINDATYTIDANNGNLNIPAGN
IQFAHADAQLVLQNSSGNDRTITLGANIDPDNDDEGIVILNSVTAGKKLTIAGGKTFGGAHKLQ
TILFKGAGDCSTAGTTFNTTNIVLDITGQLELGATTANVVLFNDAVQLTQTGNIGGFLDFNAKN
GMVTLNNNVNVAGAVQNTGGTNNGTLIVLGASNLNRVNGIAMLKVGAGNVTIAKGGKVKIGEIQ
GTGTNTLTLPAHFNLTGSINKTGGQALKLNFMNGGSVSGVVGTAANSVGDITTAGATSFASSVN
AKGTATLGGTTSFANTFTNTGAVTLAKGSITSFAKNVTATSFVANSATINFSNSLAFNSNITGG
GTTLTLGANQVTYTGTGSFTDTLTLNTTFDGAAKSGGNILIKSGSTLDLSGVSTLALVVTATNF
DMNNISPDTKYTVISAETAGGLKPTSKENVKITINNDNRFVDFTFDASTLTLFAEDIAADVIDG
DFAPGGPLANIPNAANIKKSLELMEDAPNGSDARQAFNNFGLMTPLQEADATTHLIQDVVKPSD
TIAAVNNQVVASNISSNITALNARMDKVQSGNKGPVSSGDEDMDAKFGAWISPFVGNATQKMCN
SISGYKSDTTGGTIGFDGFVSDDLALGLAYTRADTDIKLKNNKTGDKNKVESNIYSLYGLYNVP
YENLFVEAIASYSDNKIRSKSRRVIATTLETVGYQTANGKYKSESYTGQLMAGYTYMMPENINL
TPLAGLRYSTIKDKGYKETGTTYQNLTVKGKNYNTFDGLLGAKVSSNINVNEIVLTPELYAMVD
YAFKNKVSAIDARLQGMTAPLPTNSFKQSKTSFDVGVGVTAKHKMMEYRINYDTNIGSKYFAQQ
GSVKVRVNF
>sp|194K_TRVSY|POTENTIAL 194 KD PROTEIN (PUTATIVE REPL
MANGNFKLSQLLNVDEMSAEQRSHFFDLMLTKPDCEIGQMMQRVVVDKVDDMIRERKTKDPVIV
HEVLSQKEQNKLMEIYPEFNIVFKDDKNMVHGFAAAERKLQALLLLDRVPALQEVDDIGGQWSF
WVTRGEKRIHSCCPNLDIRDDQREISRQIFLTAIGDQARSGKRQMSENELWMYDQFRKNIAAPN
AVRCNNTYQGCTCRGFSDGKKKGAQYAIALHSLYDFKLKDLMATMVEKKTKVVHAAMLFAPESM
LVDEGPLPSVDGYYMKKNGKIYFGFEKDPSFSYIHDWEEYKKYLLGKPVSYQGNVFYFEPWQVR
GDTMLFSIYRIAGVPRRSLSSQEYYRRIYISRWENMVVVPIFDLVESTRELVKKDLFVEKQFMD
KCLDYIARLSDQQLTISNVKSYLSSNNWVLFINGAAVKNKQSVDSRDLQLLAQTLLVKEQVARP
VMRELREAILTETKPITSLTDVLGLISRKLWKQFANKIAVGGFVGMVGTLIGFYPKKVLTWAKD
TPNGPELCYENSHKTKVIVFLSVVYAIGGITLMRRDIRDGLVKKLCDMFDIKRGAHVLDVENPC
RYYEINDFFSSLYSASESGETVLPDLSEVKAKSDKLLQQKKEIADEFLSAKFSNYSGSSVRTSP
PSVVGSSRSGLGLLLEDSNVLTQARVGVSRKVDDEEIMEQFLSGLIDTEAEIDEVVSAFSAECE
RGETSGTKVLCKPLTPPGFENVLPAVKPLVSKGKTVKRVDYFQVMGGERLPKRPVVSGDNSVDA
RREFLYYLDAERVAQNDEIMSLYRDYSRGVIRTGGQNYPHGLGVWDVEMKNWCIRPVVTEHAYV
FQPDKRMDDWSGYLEVAVWERGMLVNDFAVERMSDYVIVCDQTYLCNNRLILDNLSALDLGPVN
CSFELVDGVPGCGKSTMIVNSANPCVDVVLSTGRAATDDLIERFASKGFPCKLKRRVKTVDSFL
MHCVDGSLTGDVLHFDEALMAHAGMVYFCAQIAGAKRCICQGDQNQISFKPRVSQVDLRFSSLV
GKFDIVTEKRETYRSPADVAAVLNKYYTGDVRTHNATANSMTVRKIVSKEQVSLKPGAQYITFL
QSEKKELVNLLALRKVAAKVSTVHESQGETFKDVVLVRTKPTDDSIARGREYLIVALSRHTQSL
VYETVKEDDVSKEIRESAALTKAALARFFVTETVLXRFRSRFDVFRHHEGPCAVPDSGTITDLE
MWYDALFPGNSLRDSSLDGYLVATTDCNLRLDNVTIKSGNWKDKFAEKETFLKPVIRTAMPDKR
KTTQLESLLALQKRNQAAPDLQENVHATVLIEETMKKLKSVVYDVGKIRADPIVNRAQMERWWR
NQSTAVQAKVVADVRELHEIDYSSYMYMIKSDVKPKTDLTPQFEYSALQTVVYHEKLINSLFGP
IFKEINERKLDAMQPHFVFNTRMTSSDLNDRVKFLNTEAAYDFVEIDMSKFDKSANRFHLQLQL
EIYRLFGLDEWAAFLWEVSHTQTTVRDIQNGMMAHIWYQQKSGDADTYNANSDRTLCALLSELP
LEKAVMVTYGGDDSLIAFPRGTQFVDPCPKLATKWNFECKIFKYDVPMFCGKFLLKTSSCYEFV
PDPVKVLTKLGKKSIKDVQHLAEIYISLNDSNRALGNYMVVSKLSESVSDRYLYKGDSVHALCA
LWKHIKSFTALCTLFRDENDKELNPAKVDWKKAQRAVSNFYDW
