>gi|2764000|gb|R30044.1|R30044 12649 Lambda-PRL2 Arabidopsis thaliana cDNA clone 164I7T7, mRNA sequence
ACCCTAGCCGCTTTACTCTCTTGCAATATCTCTAANATTTGTTTGANAGTCTCTAACCATGGGTAAAGAG
AAGTTTCACATCAACATTGTGGTCATTGGCCACGTCGATTCTGGAAAGTNGACCACCACTGGACACTTGA
NCTACAAGTNGGGTGGTATTGACAAGCGTGTNATTGAGAGGTTCGAGAAGGAGGCTGCTGAGATGAACAA
GAGGTCCTTCAAGTACGCATGGNTTTTGGACAAACTTAAGGCTGAGCGTGANNGNGNGTATCACCATTGA
NATTGCTCTCTGGAAGTTCG
>gi|2763999|gb|R30040.1|R30040 12645 Lambda-PRL2 Arabidopsis thaliana cDNA clone 164I21T7, mRNA sequence
TGCAAACCATAACCAAACCATCATCATCATCATCTNTTGGTGACAGAAGAAAAGAGTTGAGGAACAGAGA
AAATGGCAGCACAAGCACTTGTNTCTTCTTCACTTACCTCCTCTNTTCAGACAGCTAGACAGATATTTGG
CTCAAAACCAGTTGCGTCTGCNTCACAGAAGAAGAGTTCCTTTNTNGTTAAAGCTGCTGCAACTCCACCT
GTCAAGCAATGAGCCAACAGACCATTGTGGTTTGCTTCATCGCAGAGTCTCTCTTACTTGGATGGCAGCT
TACCTGGTGACTATGGATTCGACCCTCTTGGTCTTTCAGACCCAGAAGGTACTGGAGGATTCATTGNGCC
AAGATGGCTAGCATACGGGNGNTNATCAACGGACGGTTCGCCATGTTGGGTNCAACTGGGGTTTTTNTCC
TAAGTTTTNTGGAAAGGCTTGGNTTNTTTCCNNCAAGANNTTTTTTTCCTTGGGT
